src/api/server.ts(172,17): error TS2304: Cannot find name 'isActivated'.
src/features/settings/DeviceManagementView.tsx(16,30): error TS6133: 'currentUser' is declared but its value is never read.
src/features/settings/DeviceManagementView.tsx(21,11): error TS6133: 'currentFingerprint' is declared but its value is never read.
src/operations/dashboard/components/OrderDetailModal.tsx(28,11): error TS6133: 'receiptRef' is declared but its value is never read.
src/operations/dashboard/components/TableCard.tsx(3,53): error TS6133: 'Edit2' is declared but its value is never read.
src/operations/finance/FinancialCommandCenter.tsx(23,5): error TS6133: 'ExternalLink' is declared but its value is never read.
src/operations/finance/FinancialCommandCenter.tsx(842,31): error TS6133: 'title' is declared but its value is never read.
src/operations/pos/POSViewMobile.tsx(19,29): error TS6133: 'processPayment' is declared but its value is never read.
src/operations/pos/POSViewMobile.tsx(19,45): error TS6133: 'operationsConfig' is declared but its value is never read.
src/operations/pos/POSViewMobile.tsx(179,12): error TS2554: Expected 4-5 arguments, but got 3.
src/test/TokenComponentPreview.tsx(146,18): error TS2741: Property 'orderType' is missing in type '{ token: string; estimatedReadyTime: Date; onPrintToken: () => void; onNewOrder: () => void; }' but required in type 'TokenDisplayBannerProps'.
